E:\UnderwaterDreamerPro\temp\user-center-backend-master\src\main\java\com\yupi\usercenter\service\UserService.java
E:\UnderwaterDreamerPro\temp\user-center-backend-master\src\main\java\com\yupi\usercenter\contant\UserConstant.java
E:\UnderwaterDreamerPro\temp\user-center-backend-master\src\main\java\com\yupi\usercenter\config\SwaggerConfig.java
E:\UnderwaterDreamerPro\temp\user-center-backend-master\src\main\java\com\yupi\usercenter\controller\UserController.java
E:\UnderwaterDreamerPro\temp\user-center-backend-master\src\main\java\com\yupi\usercenter\common\ResultUtils.java
E:\UnderwaterDreamerPro\temp\user-center-backend-master\src\main\java\com\yupi\usercenter\config\WebMvcConfig.java
E:\UnderwaterDreamerPro\temp\user-center-backend-master\src\main\java\com\yupi\usercenter\once\IndexOrNameData.java
E:\UnderwaterDreamerPro\temp\user-center-backend-master\src\main\java\com\yupi\usercenter\once\ImportExcel.java
E:\UnderwaterDreamerPro\temp\user-center-backend-master\src\main\java\com\yupi\usercenter\model\domain\request\UserLoginRequest.java
E:\UnderwaterDreamerPro\temp\user-center-backend-master\src\main\java\com\yupi\usercenter\common\ErrorCode.java
E:\UnderwaterDreamerPro\temp\user-center-backend-master\src\main\java\com\yupi\usercenter\common\BaseResponse.java
E:\UnderwaterDreamerPro\temp\user-center-backend-master\src\main\java\com\yupi\usercenter\once\TableListener.java
E:\UnderwaterDreamerPro\temp\user-center-backend-master\src\main\java\com\yupi\usercenter\model\domain\User.java
E:\UnderwaterDreamerPro\temp\user-center-backend-master\src\main\java\com\yupi\usercenter\UserCenterApplication.java
E:\UnderwaterDreamerPro\temp\user-center-backend-master\src\main\java\com\yupi\usercenter\exception\GlobalExceptionHandler.java
E:\UnderwaterDreamerPro\temp\user-center-backend-master\src\main\java\com\yupi\usercenter\model\domain\request\UserRegisterRequest.java
E:\UnderwaterDreamerPro\temp\user-center-backend-master\src\main\java\com\yupi\usercenter\service\impl\UserServiceImpl.java
E:\UnderwaterDreamerPro\temp\user-center-backend-master\src\main\java\com\yupi\usercenter\mapper\UserMapper.java
E:\UnderwaterDreamerPro\temp\user-center-backend-master\src\main\java\com\yupi\usercenter\exception\BusinessException.java
